<html>
<body>
<pre>
<h1>µVision Build Log</h1>
<h2>Tool Versions:</h2>
IDE-Version: µVision V5.18a
Copyright (C) 2016 ARM Ltd and ARM Germany GmbH. All rights reserved.
License Information: Mark Allie, UW Madison ECE Dept, LIC=----
 
Tool Versions:
Toolchain:       MDK-Lite  Version: 5.18a
Toolchain Path:  C:\Keil_v5\ARM\ARMCC\Bin
C Compiler:      Armcc.exe V5.06 update 1 (build 61)
Assembler:       Armasm.exe V5.06 update 1 (build 61)
Linker/Locator:  ArmLink.exe V5.06 update 1 (build 61)
Library Manager: ArmAr.exe V5.06 update 1 (build 61)
Hex Converter:   FromElf.exe V5.06 update 1 (build 61)
CPU DLL:         SARMCM3.DLL V5.18a
Dialog DLL:      DCM.DLL V1.13.6.0
Target DLL:      lmidk-agdi.dll V???
Dialog DLL:      TCM.DLL V1.14.8.0
 
<h2>Project:</h2>
C:\Users\kchua2\Downloads\ECE210-final-project\ECE210-final-project\ECE210_Video.uvprojx
Project File Date:  03/30/2017

<h2>Output:</h2>
*** Using Compiler 'V5.06 update 1 (build 61)', folder: 'C:\Keil_v5\ARM\ARMCC\Bin'
Rebuild target 'ECE353-Test-Code'
compiling main.c...
main.c(79): warning:  #69-D: integer conversion resulted in truncation
        ece210_wireless_init(
OCAL_ID,
EMOTE_ID);
main.c(79): warning:  #69-D: integer conversion resulted in truncation
        ece210_wireless_init(
OCAL_ID,
EMOTE_ID);
main.c(357): warning:  #1-D: last line of file ends without a newline
  }
main.c: 3 warnings, 0 errors
compiling lab_buttons.c...
compiling Invader.black.c...
compiling BuckyBadger.black.c...
compiling BuckyBadger2.black.c...
assembling startup_TM4C123.s...
compiling system_TM4C123.c...
linking...
Program Size: Code=20888 RO-data=5116 RW-data=64 ZI-data=6648  
".\obj\ece353_base_project.axf" - 0 Error(s), 3 Warning(s).

<h2>Software Packages used:</h2>

Package Vendor: ARM
                http://www.keil.com/pack/ARM.CMSIS.4.5.0.pack
                ARM::CMSIS:CORE:4.3.0
                CMSIS (Cortex Microcontroller Software Interface Standard)
   * Component: CORE Version: 4.3.0

Package Vendor: Keil
                http://www.keil.com/pack/Keil.TM4C_DFP.1.1.0.pack
                Keil::Device:Startup:1.0.1
                Texas Instruments Tiva C Series Device Support and Examples
   * Component: Startup Version: 1.0.1

<h2>Collection of Component include folders:</h2>
  C:\Users\kchua2\Downloads\ECE210-final-project\ECE210-final-project\RTE
  C:\Keil_v5\ARM\PACK\ARM\CMSIS\4.5.0\CMSIS\Include
  C:\Keil_v5\ARM\PACK\Keil\TM4C_DFP\1.1.0\Device\Include\TM4C123

<h2>Collection of Component Files used:</h2>

   * Component: ARM::CMSIS:CORE:4.3.0

   * Component: Keil::Device:Startup:1.0.1
      Include file:  Device\Include\TM4C123\TM4C123.h
      Source file:   Device\Source\ARM\startup_TM4C123.s
      Source file:   Device\Source\system_TM4C123.c
Build Time Elapsed:  00:00:01
</pre>
</body>
</html>
